%!Adobe-FontList 1.13
%Locale:0x409

%BeginFont
Handler:DirectoryHandler
FontType:TrueType
FontName:Aller-Regular
FamilyName:Aller
StyleName:Regular
MenuName:Aller
StyleBits:0
WeightClass:400
WidthClass:5
AngleClass:0
FullName:Aller
WritingScript:Roman
OutlineFileName:\Aller_Std_Rg.ttf
DataFormat:sfntData
FileLength:96396
FileModTime:1282575276
%EndFont

%BeginFont
Handler:DirectoryHandler
FontType:TrueType
FontName:Lato-Bold
FamilyName:Lato
StyleName:Bold
MenuName:Lato
StyleBits:2
WeightClass:700
WidthClass:5
AngleClass:0
FullName:Lato Bold
WritingScript:Roman
OutlineFileName:\Lato-Bold.ttf
DataFormat:sfntData
FileLength:121788
FileModTime:1420114896
%EndFont

%BeginFont
Handler:DirectoryHandler
FontType:TrueType
FontName:Lato-Regular
FamilyName:Lato
StyleName:Regular
MenuName:Lato
StyleBits:0
WeightClass:400
WidthClass:5
AngleClass:0
FullName:Lato Regular
WritingScript:Roman
OutlineFileName:\Lato-Regular.ttf
DataFormat:sfntData
FileLength:120196
FileModTime:1420114896
%EndFont

%BeginFont
Handler:DirectoryHandler
FontType:Type1
FontName:MinionPro-Regular
FamilyName:Minion Pro
StyleName:Regular
MenuName:Minion Pro
StyleBits:0
WeightClass:400
WidthClass:5
AngleClass:0
FullName:Minion Pro
WritingScript:Roman
OutlineFileName:\MinionPro-Regular.otf
DataFormat:sfntData
UsesStandardEncoding:yes
isCFF:yes
FileLength:231312
FileModTime:1325290001
DesignSize:110
%EndFont

